dhcp_scopes_new							: button&id&DHCP_Scopes_New
dhcp_name								: textbox&id&Distributed_DHCP_UsrName
dhcp_network							: textbox&id&DHCPPool_IPAddres
dhcp_netmask							: textbox&id&DHCPPool_Net_Mask
dhcp_router								: textbox&id&Distributed_DHCP_Default_Routes
dhcppool_option_type					: select&id&dhcppool_option_type&0
dhcp_add								: button&id&Finish_add&0
dhcp_delete								: button&id&Delete_Distribute_0
dhcp_duplicate_error					: label&id&dhcppool_name_dup_error
dhcp_dns_server							: textbox&id&dhcp_pool_dns0
dhcp_wins_server						: textbox&id&dhcp_pool_wins0
dhcp_pools_label						: label&text&DHCP Pools&1
enable_dhcp_service						: checkbox&id&dhcp_service
dhcp_pool_table							: label&xpath&//div[@class='panel table rounded white no_pad']&6
exclude_address_start					: textbox&id&distributed_ip_start0
exclude_address_end						: textbox&id&distributed_ip_end0
dhcp_name_required_field_msg			: label&id&dhcppool_name_required_error
save_settings							: button&id&ngSave
dhcp_cancel								: button&id&Hide_NewDHCp
test2									: button&xpath&//span[contains(.,'test2')]
test2_edit								: button&xpath&//span[contains(.,'test2')]/../following-sibling::td[4]/div/a[1]
test2_delete_icon						: button&xpath&//span[contains(.,'test2')]/../following-sibling::td[4]/div/a[2]
exclude_address_add_button_1			: button&id&add_new_ip_range&0
exclude_address_add_button_2			: button&id&add_new_ip_range&1
exclude_address_add_button_3			: button&id&add_new_ip_range&2
exclude_address_start_1					: textbox&id&distributed_ip_start1
exclude_address_end_1					: textbox&id&distributed_ip_end1
exclude_address_start_2					: textbox&id&distributed_ip_start2
exclude_address_end_2					: textbox&id&distributed_ip_end2
option_add_button						: button&id&add_new_scope_option&0
option_add_button_1						: button&id&add_new_scope_option&1
option_add_button_2						: button&id&add_new_scope_option&2
option_add_button_3						: button&id&add_new_scope_option&3
option_add_button_4						: button&id&add_new_scope_option&4
option_add_button_5						: button&id&add_new_scope_option&5
option_add_button_6						: button&id&add_new_scope_option&6
option_add_button_7						: button&id&add_new_scope_option&7
add_dns_server1							: button&id&add_new_dns_server&0
add_dns_server2							: button&id&add_new_dns_server&1
add_dns_server3							: button&id&add_new_dns_server&2
add_dns_server4							: button&id&add_new_dns_server&3
add_dns_server5							: button&id&add_new_dns_server&4
add_dns_server6							: button&id&add_new_dns_server&5
add_dns_server7							: button&id&add_new_dns_server&6
add_dns_server8							: button&id&add_new_dns_server&7
add_dns_server9							: button&id&add_new_dns_server&8
dhcp_dns_server1						: textbox&id&dhcp_pool_dns1
dhcp_dns_server2						: textbox&id&dhcp_pool_dns2
dhcp_dns_server3						: textbox&id&dhcp_pool_dns3
dhcp_dns_server4						: textbox&id&dhcp_pool_dns4
dhcp_dns_server5						: textbox&id&dhcp_pool_dns5
dhcp_dns_server6						: textbox&id&dhcp_pool_dns6
dhcp_dns_server7						: textbox&id&dhcp_pool_dns7
dhcp_dns_server8						: textbox&id&dhcp_pool_dns8
add_wins_server1						: button&id&add_new_wins_server&0
add_wins_server2						: button&id&add_new_wins_server&1
add_wins_server3						: button&id&add_new_wins_server&2
add_wins_server4						: button&id&add_new_wins_server&3
add_wins_server5						: button&id&add_new_wins_server&4
add_wins_server6						: button&id&add_new_wins_server&5
add_wins_server7						: button&id&add_new_wins_server&6
add_wins_server8						: button&id&add_new_wins_server&7
add_wins_server9						: button&id&add_new_wins_server&8
dhcp_wins_server1						: textbox&id&dhcp_pool_wins1
dhcp_wins_server2						: textbox&id&dhcp_pool_wins2
dhcp_wins_server3						: textbox&id&dhcp_pool_wins3
dhcp_wins_server4						: textbox&id&dhcp_pool_wins4
dhcp_wins_server5						: textbox&id&dhcp_pool_wins5
dhcp_wins_server6						: textbox&id&dhcp_pool_wins6
dhcp_wins_server7						: textbox&id&dhcp_pool_wins7
dhcp_wins_server8						: textbox&id&dhcp_pool_wins8
dhcppool_option_code					: textbox&id&dhcppool_option_code0
dhcppool_option_value					: textbox&id&dhcppool_option_name0
name_error_msg							: button&id&dhcppool_name_length_error
network_error_msg						: button&id&dhcp_pool_ip_required_error
netmask_error_msg						: button&id&dist_dhcp_netmask_pattern_error
default_router_error_msg				: button&id&dist_dhcp_def_router_required_error
dns_server_error_msg					: button&id&dhcp_dns_server_error
wins_server_error_msg					: button&id&dhcp_pool_wins_server_error
exclude_address_error_msg				: button&id&dist_ip_start_error
option_code_error_msg					: button&text&* Valid range is 1 - 255
option_value_error_msg					: button&css&div[class$='value-field-error ng-binding']
confirm_delete_dhcp_pool				: button&xpath&//a[@id='confirm-save-ok']&0
netmask_subnet_larger_error				: label&id&dist_dhcp_netmask_isSubnetLarger_error
ascii_name_present						: button&xpath&//span[contains(.,'-+-' )]
unicode_name_present					: button&xpath&//span[contains(.,'???' )]
special_char_name_present				: button&xpath&//span[contains(.,'@#$@' )]
japanese_char_name_present				: button&xpath&//span[contains(.,'???' )]
german_char_name_present				: button&xpath&//span[contains(.,'schön' )]
dhcp_pools_display						: button&id&configDHCPTable_col_display_arrow
dhcp_name_col_display_toggle			: checkbox&id&configDHCPTable_dhcp_name_col_display_toggle
dhcp_ip_col_display_toggle  			: checkbox&id&configDHCPTable_dhcp_ip_col_display_toggle
dhcp_netmask_col_display_toggle 		: checkbox&id&configDHCPTable_dhcp_netmask_col_display_toggle
dhcp_router_col_display_toggle   		: checkbox&id&configDHCPTable_dhcp_router_col_display_toggle
dhcp_name_col_label              		: label&xpath&//th[@id='configDHCPTable_dhcpscope_name']/label
dhcp_network_col_label          		: label&xpath&//th[@id='configDHCPTable_dhcppool_network']/label
dhcp_netmask_col_label              	: label&xpath&//th[@id='configDHCPTable_dhcppool_netmask']/label
dhcp_router_col_label              		: label&xpath&//th[@id='configDHCPTable_dhcppool_def_router']/label
dns_add_button_hidden     				: button&id&add_new_dns_server&9
wns_add_button_hidden     				: button&id&add_new_wins_server&9
exclude_ip_add_hidden     				: button&id&add_new_ip_range&3
distributed_ip_start_3     				: textbox&id&distributed_ip_start3
distributed_ip_end_3     				: textbox&id&distributed_ip_end3
assert_4_dhcp_pools						:  button&xpath&//span[@class='badge label ng-binding' and contains(.,'4')]	
dhcp_count_0							: label&xpath&//span[@class="badge label ng-binding" and contains(.,'0')]
days									: textbox&id&DHCPPool_LTime_Days
hour									: textbox&id&DHCPPool_LTime_Hrs
minute									: textbox&id&DHCPPool_LTime_Mins
dhcppool_option_code_2					: textbox&id&dhcppool_option_code1
dhcppool_option_type_2					: select&id&dhcppool_option_type&1
dhcppool_option_value_2					: textbox&id&dhcppool_option_name1
edit_pool_1								: button&xpath&//span[contains(.,'POOL-1')]/../following-sibling::td[4]/div/a[1]
dhcppool_ip_dup_error					: label&id&dhcppool_ip_dup_error
dhcp_test1_delete						: button&xpath&//span[contains(.,'TEST-1')]/../../td[5]/div/a[2]
dhcp_test2_delete						: button&xpath&//span[contains(.,'TEST-2')]/../../td[5]/div/a[2]
dhcp_pool4_delete						: button&xpath&//span[contains(.,'POOL-4')]/../../td[5]/div/a[2]
dhcppool_option_code_3    				: textbox&id&dhcppool_option_code2
dhcppool_option_type_3    			    : select&id&dhcppool_option_type&2
dhcppool_option_value_3     			: textbox&id&dhcppool_option_name2
dhcppool_option_code_4    				: textbox&id&dhcppool_option_code3
dhcppool_option_type_4    			    : select&id&dhcppool_option_type&3
dhcppool_option_value_4     			: textbox&id&dhcppool_option_name3
dhcppool_option_code_5    				: textbox&id&dhcppool_option_code4
dhcppool_option_type_5   			    : select&id&dhcppool_option_type&4
dhcppool_option_value_5     			: textbox&id&dhcppool_option_name4
dhcppool_option_code_6    				: textbox&id&dhcppool_option_code5
dhcppool_option_type_6   			    : select&id&dhcppool_option_type&5
dhcppool_option_value_6     			: textbox&id&dhcppool_option_name5
dhcppool_option_code_7    				: textbox&id&dhcppool_option_code6
dhcppool_option_type_7   			    : select&id&dhcppool_option_type&6
dhcppool_option_value_7     			: textbox&id&dhcppool_option_name6
dhcppool_option_code_8    				: textbox&id&dhcppool_option_code7
dhcppool_option_type_8   			    : select&id&dhcppool_option_type&7
dhcppool_option_value_8     			: textbox&id&dhcppool_option_name7
dhcp_pool3_delete						: button&xpath&//span[contains(.,'POOL-3')]/../../td[5]/div/a[2]
dhcp_pool2_delete						: button&xpath&//span[contains(.,'POOL-2')]/../../td[5]/div/a[2]
dhcp_pool_test1_network_label			: label&xpath&//span[contains(.,'TEST-1')]/../following-sibling::td[1][contains(.,'5.5.5.5')]
dhcp_pool_test2_network_label			: label&xpath&//span[contains(.,'TEST-2')]/../following-sibling::td[1][contains(.,'5.5.5.6')]
dhcp_pretest_delete						: button&xpath&//span[contains(.,'PRETEST')]/../../td[5]/div/a[2]
dhcp_pool_pretest						: label&xpath&//span[contains(.,'PRETEST')]

