customer_id								: textbox&text&2014-05-05-07.17.27.983641@testcp.com
add_user								: submit&id&new_user
user_email								: textbox&id&new_user_mail&0
user_scope								: textbox&xpath&//input[contains(@id,'id_autogen')]
access_level							: select&id&access_Level
save_button								: submit&id&can_nav_alert_ok
read_only_user							: textbox&text&testreadonly@testcp.com
read_write_user							: textbox&text&testreadwrite@testcp.com
cancel									: button&css_class&cloudclose
username								: label&xpath&//label[text()='USERNAME']&1
userscope								: label&xpath&//label[text()='USER SCOPE']&1
accesslevel								: label&xpath&//label[text()='ACCESS LEVEL']&1
actions    								: label&xpath&//label[text()='Actions']
support_access							: button&id&tac_status
current_admin							: button&xpath&//span[text()='admin3@alpha.com']
new_admin								: button&xpath&//span[contains(.,'admin1234@alpha.com')]
delete_user 							: button&id&delete_user
delete_alert							: button&xpath&//a[@id='confirm-save-ok']/span&0
edit_user								: button&id&edit_user
user_scope_error						: label&id&um_groups_intval_error
delete_new_user 						: button&xpath&//a[@id='deleteUser_1']
default_user_scope   					: select&xpath&//span[@class='group-name-style ng-binding']
edit_new_user							: button&xpath&//a[@id='editUser_1']
close_delete_user_pop_up                : button&xpath&//span[@class='overlay-close-icon']&6
delete_read_only_user                	: button&xpath&//span[contains(.,'admin1234567@alpha.com')]/../following-sibling::td[3]/a[2]
delete_read_write_user                	: button&xpath&//span[contains(.,'aruba123@alpha.com')]/../following-sibling::td[3]/a[2]
confirm_save_button		                : button&xpath&//a[@id='confirm-save-ok']/span&0
user_scope_text_box						: textbox&xpath&//input[contains(@id,"id_autogen")]

read_write_user1 						: label&xpath&//span[contains(.,'aruba123@alpha.com')]/../../td[contains(.,'read/write')]
read_write_user1_delete 				: label&xpath&//span[text()='USERNAME']/../span[contains(.,'aruba123@alpha.com')]/../../td[4]/a[2]
read_only_user1_delete					: label&xpath&//span[text()='USERNAME']/../span[contains(.,'admin1234567@alpha.com')]/../../td[4]/a[2]
user_scope_second						: textbox&id&s2id_group_List
default_group1							: label&xpath&//td[@title="group1"]
read_write_user2 						: label&xpath&//span[contains(.,'admin1234567@alpha.com')]/../../td[contains(.,'read/write')]
read_only_user_edit						: label&xpath&//span[text()='USERNAME']/../span[contains(.,'admin1234567@alpha.com')]/../../td[4]/a[1]
read_write_user_edit					: label&xpath&//span[text()='USERNAME']/../span[contains(.,'aruba123@alpha.com')]/../../td[4]/a[1]
read_only_admistrator					: label&xpath&//span[contains(.,'admin1234567@alpha.com')]/../../td[contains(.,'administrator')]
read_write_admistrator 					: label&xpath&//span[contains(.,'aruba123@alpha.com')]/../../td[contains(.,'administrator')]
read_only_user1							: label&xpath&//span[contains(.,'aruba123@alpha.com')]/../../td[contains(.,'read only')]
support_access_on						: button&text&Support Access ON
delete_administrator					: button&xpath&//td[@title ='admin1234@alpha.com']/../td[@title = 'administrator']/../td[4]/a[2]
administrator_user_created				: label&xpath&//td[@title ='admin1234@alpha.com']/../td[@title = 'administrator']


user_create_success_ok_button			: button&id&confirm-save-cancel&0
user_create_failed_ok_button           	: button&xpath&//a[@class ='button gray ConfirmCancel warning_but' and text()='OK']&2
user_create_dialog_box_close_icon		: button&id&maintenance_newuser_close_icon



only_read		 : label&xpath&//span[text()='USERNAME']/../span[contains(.,'admin1234567@alpha.com')]/../../td[contains(.,'read only')]
user_mgmt_label							: label&xpath&//label[@id='maintenance_usrMgmnt_user_header']
scope_close								: button&xpath&//div[@id='s2id_group_List']/ul/li[1]/a
administrator_delete					: button&xpath&//td[@title ='admin1@alpha.com']/../td[@title = 'administrator']/../td[4]/a[2]
close_login_popup1								: button&xpath&//div[@class = 'button_close cloudclose']/img
